Archive member included because of file (symbol)

c:/winavr-20100110/bin/../lib/gcc/avr/4.3.3/../../../../avr/lib/avr51\libprintf_flt.a(vfprintf_flt.o)
                              (vfprintf)
c:/winavr-20100110/bin/../lib/gcc/avr/4.3.3/avr51\libgcc.a(_udivmodhi4.o)
                              LCD1.o (__udivmodhi4)
c:/winavr-20100110/bin/../lib/gcc/avr/4.3.3/avr51\libgcc.a(_divmodhi4.o)
                              LCD1.o (__divmodhi4)
c:/winavr-20100110/bin/../lib/gcc/avr/4.3.3/avr51\libgcc.a(_udivmodsi4.o)
                              LCD1.o (__udivmodsi4)
c:/winavr-20100110/bin/../lib/gcc/avr/4.3.3/avr51\libgcc.a(_exit.o)
                              c:/winavr-20100110/bin/../lib/gcc/avr/4.3.3/../../../../avr/lib/avr51/crtm128.o (exit)
c:/winavr-20100110/bin/../lib/gcc/avr/4.3.3/avr51\libgcc.a(_clear_bss.o)
                              LCD1.o (__do_clear_bss)
c:/winavr-20100110/bin/../lib/gcc/avr/4.3.3/avr51\libgcc.a(_addsub_sf.o)
                              LCD1.o (__subsf3)
c:/winavr-20100110/bin/../lib/gcc/avr/4.3.3/avr51\libgcc.a(_mul_sf.o)
                              LCD1.o (__mulsf3)
c:/winavr-20100110/bin/../lib/gcc/avr/4.3.3/avr51\libgcc.a(_div_sf.o)
                              LCD1.o (__divsf3)
c:/winavr-20100110/bin/../lib/gcc/avr/4.3.3/avr51\libgcc.a(_si_to_sf.o)
                              LCD1.o (__floatsisf)
c:/winavr-20100110/bin/../lib/gcc/avr/4.3.3/avr51\libgcc.a(_sf_to_si.o)
                              LCD1.o (__fixsfsi)
c:/winavr-20100110/bin/../lib/gcc/avr/4.3.3/avr51\libgcc.a(_thenan_sf.o)
                              c:/winavr-20100110/bin/../lib/gcc/avr/4.3.3/avr51\libgcc.a(_addsub_sf.o) (__thenan_sf)
c:/winavr-20100110/bin/../lib/gcc/avr/4.3.3/avr51\libgcc.a(_prologue.o)
                              c:/winavr-20100110/bin/../lib/gcc/avr/4.3.3/avr51\libgcc.a(_addsub_sf.o) (__prologue_saves__)
c:/winavr-20100110/bin/../lib/gcc/avr/4.3.3/avr51\libgcc.a(_epilogue.o)
                              c:/winavr-20100110/bin/../lib/gcc/avr/4.3.3/avr51\libgcc.a(_addsub_sf.o) (__epilogue_restores__)
c:/winavr-20100110/bin/../lib/gcc/avr/4.3.3/avr51\libgcc.a(_clzsi2.o)
                              c:/winavr-20100110/bin/../lib/gcc/avr/4.3.3/avr51\libgcc.a(_si_to_sf.o) (__clzsi2)
c:/winavr-20100110/bin/../lib/gcc/avr/4.3.3/avr51\libgcc.a(_pack_sf.o)
                              c:/winavr-20100110/bin/../lib/gcc/avr/4.3.3/avr51\libgcc.a(_addsub_sf.o) (__pack_f)
c:/winavr-20100110/bin/../lib/gcc/avr/4.3.3/avr51\libgcc.a(_unpack_sf.o)
                              c:/winavr-20100110/bin/../lib/gcc/avr/4.3.3/avr51\libgcc.a(_addsub_sf.o) (__unpack_f)
c:/winavr-20100110/bin/../lib/gcc/avr/4.3.3/avr51\libgcc.a(_clz.o)
                              c:/winavr-20100110/bin/../lib/gcc/avr/4.3.3/avr51\libgcc.a(_clzsi2.o) (__clz_tab)
c:/winavr-20100110/bin/../lib/gcc/avr/4.3.3/../../../../avr/lib/avr51\libc.a(ftoa_engine.o)
                              c:/winavr-20100110/bin/../lib/gcc/avr/4.3.3/../../../../avr/lib/avr51\libprintf_flt.a(vfprintf_flt.o) (__ftoa_engine)
c:/winavr-20100110/bin/../lib/gcc/avr/4.3.3/../../../../avr/lib/avr51\libc.a(strnlen_P.o)
                              c:/winavr-20100110/bin/../lib/gcc/avr/4.3.3/../../../../avr/lib/avr51\libprintf_flt.a(vfprintf_flt.o) (strnlen_P)
c:/winavr-20100110/bin/../lib/gcc/avr/4.3.3/../../../../avr/lib/avr51\libc.a(strnlen.o)
                              c:/winavr-20100110/bin/../lib/gcc/avr/4.3.3/../../../../avr/lib/avr51\libprintf_flt.a(vfprintf_flt.o) (strnlen)
c:/winavr-20100110/bin/../lib/gcc/avr/4.3.3/../../../../avr/lib/avr51\libc.a(fputc.o)
                              c:/winavr-20100110/bin/../lib/gcc/avr/4.3.3/../../../../avr/lib/avr51\libprintf_flt.a(vfprintf_flt.o) (fputc)
c:/winavr-20100110/bin/../lib/gcc/avr/4.3.3/../../../../avr/lib/avr51\libc.a(iob.o)
                              LCD1.o (__iob)
c:/winavr-20100110/bin/../lib/gcc/avr/4.3.3/../../../../avr/lib/avr51\libc.a(printf.o)
                              LCD1.o (printf)
c:/winavr-20100110/bin/../lib/gcc/avr/4.3.3/../../../../avr/lib/avr51\libc.a(ultoa_invert.o)
                              c:/winavr-20100110/bin/../lib/gcc/avr/4.3.3/../../../../avr/lib/avr51\libprintf_flt.a(vfprintf_flt.o) (__ultoa_invert)

Allocating common symbols
Common symbol       size              file

Comm2Buf            0x20c             LCD1.o
KeyBufOutIx         0x1               LCD1.o
KeyScanState        0x1               LCD1.o
KeyRptDlyCtr        0x1               LCD1.o
KeyDownTmr          0x2               LCD1.o
KeyBuf              0xa               LCD1.o
Comm1Buf            0x20c             LCD1.o
KeyRptStartDlyCtr   0x1               LCD1.o
KeyNRead            0x1               LCD1.o
KeyBufInIx          0x1               LCD1.o
__iob               0x6               c:/winavr-20100110/bin/../lib/gcc/avr/4.3.3/../../../../avr/lib/avr51\libc.a(iob.o)

Memory Configuration

Name             Origin             Length             Attributes
text             0x00000000         0x00020000         xr
data             0x00800060         0x0000ffa0         rw !x
eeprom           0x00810000         0x00010000         rw !x
fuse             0x00820000         0x00000400         rw !x
lock             0x00830000         0x00000400         rw !x
signature        0x00840000         0x00000400         rw !x
*default*        0x00000000         0xffffffff

Linker script and memory map

Address of section .data set to 0x800100
LOAD c:/winavr-20100110/bin/../lib/gcc/avr/4.3.3/../../../../avr/lib/avr51/crtm128.o
LOAD c:/winavr-20100110/bin/../lib/gcc/avr/4.3.3/../../../../avr/lib/avr51\libprintf_flt.a
LOAD c:/winavr-20100110/bin/../lib/gcc/avr/4.3.3/../../../../avr/lib/avr51\libm.a
LOAD LCD1.o
LOAD c:/winavr-20100110/bin/../lib/gcc/avr/4.3.3/avr51\libgcc.a
LOAD c:/winavr-20100110/bin/../lib/gcc/avr/4.3.3/../../../../avr/lib/avr51\libc.a
LOAD c:/winavr-20100110/bin/../lib/gcc/avr/4.3.3/avr51\libgcc.a

.hash
 *(.hash)

.dynsym
 *(.dynsym)

.dynstr
 *(.dynstr)

.gnu.version
 *(.gnu.version)

.gnu.version_d
 *(.gnu.version_d)

.gnu.version_r
 *(.gnu.version_r)

.rel.init
 *(.rel.init)

.rela.init
 *(.rela.init)

.rel.text
 *(.rel.text)
 *(.rel.text.*)
 *(.rel.gnu.linkonce.t*)

.rela.text
 *(.rela.text)
 *(.rela.text.*)
 *(.rela.gnu.linkonce.t*)

.rel.fini
 *(.rel.fini)

.rela.fini
 *(.rela.fini)

.rel.rodata
 *(.rel.rodata)
 *(.rel.rodata.*)
 *(.rel.gnu.linkonce.r*)

.rela.rodata
 *(.rela.rodata)
 *(.rela.rodata.*)
 *(.rela.gnu.linkonce.r*)

.rel.data
 *(.rel.data)
 *(.rel.data.*)
 *(.rel.gnu.linkonce.d*)

.rela.data
 *(.rela.data)
 *(.rela.data.*)
 *(.rela.gnu.linkonce.d*)

.rel.ctors
 *(.rel.ctors)

.rela.ctors
 *(.rela.ctors)

.rel.dtors
 *(.rel.dtors)

.rela.dtors
 *(.rela.dtors)

.rel.got
 *(.rel.got)

.rela.got
 *(.rela.got)

.rel.bss
 *(.rel.bss)

.rela.bss
 *(.rela.bss)

.rel.plt
 *(.rel.plt)

.rela.plt
 *(.rela.plt)

.text           0x00000000     0x2a62
 *(.vectors)
 .vectors       0x00000000       0x8c c:/winavr-20100110/bin/../lib/gcc/avr/4.3.3/../../../../avr/lib/avr51/crtm128.o
                0x00000000                __vectors
                0x00000000                __vector_default
 *(.vectors)
 *(.progmem.gcc*)
 *(.progmem*)
 .progmem.data  0x0000008c        0x8 c:/winavr-20100110/bin/../lib/gcc/avr/4.3.3/../../../../avr/lib/avr51\libprintf_flt.a(vfprintf_flt.o)
 .progmem.data  0x00000094       0xfa c:/winavr-20100110/bin/../lib/gcc/avr/4.3.3/../../../../avr/lib/avr51\libc.a(ftoa_engine.o)
                0x0000018e                . = ALIGN (0x2)
                0x0000018e                __trampolines_start = .
 *(.trampolines)
 .trampolines   0x0000018e        0x0 linker stubs
 *(.trampolines*)
                0x0000018e                __trampolines_end = .
 *(.jumptables)
 *(.jumptables*)
 *(.lowtext)
 *(.lowtext*)
                0x0000018e                __ctors_start = .
 *(.ctors)
                0x0000018e                __ctors_end = .
                0x0000018e                __dtors_start = .
 *(.dtors)
                0x0000018e                __dtors_end = .
 SORT(*)(.ctors)
 SORT(*)(.dtors)
 *(.init0)
 .init0         0x0000018e        0x0 c:/winavr-20100110/bin/../lib/gcc/avr/4.3.3/../../../../avr/lib/avr51/crtm128.o
                0x0000018e                __init
 *(.init0)
 *(.init1)
 *(.init1)
 *(.init2)
 .init2         0x0000018e        0xc c:/winavr-20100110/bin/../lib/gcc/avr/4.3.3/../../../../avr/lib/avr51/crtm128.o
 *(.init2)
 *(.init3)
 *(.init3)
 *(.init4)
 .init4         0x0000019a       0x1a c:/winavr-20100110/bin/../lib/gcc/avr/4.3.3/../../../../avr/lib/avr51/crtm128.o
                0x0000019a                __do_copy_data
 .init4         0x000001b4       0x10 c:/winavr-20100110/bin/../lib/gcc/avr/4.3.3/avr51\libgcc.a(_clear_bss.o)
                0x000001b4                __do_clear_bss
 *(.init4)
 *(.init5)
 *(.init5)
 *(.init6)
 *(.init6)
 *(.init7)
 *(.init7)
 *(.init8)
 *(.init8)
 *(.init9)
 .init9         0x000001c4        0x8 c:/winavr-20100110/bin/../lib/gcc/avr/4.3.3/../../../../avr/lib/avr51/crtm128.o
 *(.init9)
 *(.text)
 .text          0x000001cc        0x4 c:/winavr-20100110/bin/../lib/gcc/avr/4.3.3/../../../../avr/lib/avr51/crtm128.o
                0x000001cc                __vector_22
                0x000001cc                __vector_28
                0x000001cc                __vector_1
                0x000001cc                __vector_32
                0x000001cc                __vector_34
                0x000001cc                __vector_24
                0x000001cc                __vector_12
                0x000001cc                __bad_interrupt
                0x000001cc                __vector_6
                0x000001cc                __vector_31
                0x000001cc                __vector_3
                0x000001cc                __vector_23
                0x000001cc                __vector_30
                0x000001cc                __vector_25
                0x000001cc                __vector_11
                0x000001cc                __vector_13
                0x000001cc                __vector_17
                0x000001cc                __vector_19
                0x000001cc                __vector_7
                0x000001cc                __vector_27
                0x000001cc                __vector_5
                0x000001cc                __vector_33
                0x000001cc                __vector_4
                0x000001cc                __vector_9
                0x000001cc                __vector_2
                0x000001cc                __vector_21
                0x000001cc                __vector_15
                0x000001cc                __vector_29
                0x000001cc                __vector_8
                0x000001cc                __vector_26
                0x000001cc                __vector_14
                0x000001cc                __vector_10
                0x000001cc                __vector_16
                0x000001cc                __vector_18
                0x000001cc                __vector_20
 .text          0x000001d0        0x0 c:/winavr-20100110/bin/../lib/gcc/avr/4.3.3/../../../../avr/lib/avr51\libprintf_flt.a(vfprintf_flt.o)
 .text          0x000001d0     0x11de LCD1.o
                0x000004a2                KeyIsKeyDown
                0x000003ce                KeyBufIn
                0x0000072a                LCD_2d1
                0x00000486                KeyInit
                0x00000ffa                CommPutChar
                0x00000dd2                InitEeprom
                0x00001304                _LCD_data
                0x00000638                LCD_2d
                0x00000de6                ApiVersionEeprom
                0x00000e60                CommGetTxChar
                0x00000d10                ReadStatusRegisterEeprom
                0x00000450                KeyGetKeyDownTime
                0x0000066e                LCD_2hex
                0x00000404                KeyGetKey
                0x000005f8                LCD_string
                0x00000616                LCD_initialize
                0x0000025c                RTC_write
                0x00000478                KeyHit
                0x00000a56                LCD_4d1
                0x00000dee                CommGetChar
                0x00000f2c                CommInit
                0x00000ec8                CommTxIntEn
                0x00000f9e                CommIsEmpty
                0x000004c8                KeyDecode
                0x0000021a                Delay_ms
                0x0000090e                LCD_s4d
                0x00000cf0                WriteEnableEeprom
                0x00001350                main
                0x000005dc                LCD_data
                0x0000043c                KeyFlush
                0x00000cc4                ReadEeprom
                0x00000b54                LCD_6d
                0x000001d0                MCU_init
                0x00000fc8                CommIsFull
                0x0000107c                comm1_string
                0x00000d2a                PWriteEeprom
                0x00001334                LCD_xy
                0x000005be                KeySelRow
                0x00000316                RTC_read
                0x000009e4                LCD_4hex
                0x000010a8                connect_bt
                0x00000cba                Spi8Driver
                0x000012ae                CommPutRxChar
                0x000007e8                LCD_3d
                0x000006ae                LCD_1d2
                0x00000860                LCD_4d
                0x00000dea                ApiVersionHexEeprom
                0x0000020a                Delay_us
                0x000005c0                LCD_command
                0x00000d7e                WriteEeprom
                0x00000d00                WriteDisableEeprom
                0x00000500                KeyScanTask
                0x00000db0                WriteStatusRegisterEeprom
 .text          0x000013ae        0x0 c:/winavr-20100110/bin/../lib/gcc/avr/4.3.3/avr51\libgcc.a(_udivmodhi4.o)
 .text          0x000013ae        0x0 c:/winavr-20100110/bin/../lib/gcc/avr/4.3.3/avr51\libgcc.a(_divmodhi4.o)
 .text          0x000013ae        0x0 c:/winavr-20100110/bin/../lib/gcc/avr/4.3.3/avr51\libgcc.a(_udivmodsi4.o)
 .text          0x000013ae        0x0 c:/winavr-20100110/bin/../lib/gcc/avr/4.3.3/avr51\libgcc.a(_exit.o)
 .text          0x000013ae        0x0 c:/winavr-20100110/bin/../lib/gcc/avr/4.3.3/avr51\libgcc.a(_clear_bss.o)
 .text          0x000013ae      0x354 c:/winavr-20100110/bin/../lib/gcc/avr/4.3.3/avr51\libgcc.a(_addsub_sf.o)
                0x00001646                __subsf3
                0x000016a8                __addsf3
 .text          0x00001702      0x1f4 c:/winavr-20100110/bin/../lib/gcc/avr/4.3.3/avr51\libgcc.a(_mul_sf.o)
                0x00001702                __mulsf3
 .text          0x000018f6      0x158 c:/winavr-20100110/bin/../lib/gcc/avr/4.3.3/avr51\libgcc.a(_div_sf.o)
                0x000018f6                __divsf3
 .text          0x00001a4e       0xbc c:/winavr-20100110/bin/../lib/gcc/avr/4.3.3/avr51\libgcc.a(_si_to_sf.o)
                0x00001a4e                __floatsisf
 .text          0x00001b0a       0xa8 c:/winavr-20100110/bin/../lib/gcc/avr/4.3.3/avr51\libgcc.a(_sf_to_si.o)
                0x00001b0a                __fixsfsi
 .text          0x00001bb2        0x0 c:/winavr-20100110/bin/../lib/gcc/avr/4.3.3/avr51\libgcc.a(_thenan_sf.o)
 .text          0x00001bb2        0x0 c:/winavr-20100110/bin/../lib/gcc/avr/4.3.3/avr51\libgcc.a(_prologue.o)
 .text          0x00001bb2        0x0 c:/winavr-20100110/bin/../lib/gcc/avr/4.3.3/avr51\libgcc.a(_epilogue.o)
 .text          0x00001bb2       0x9e c:/winavr-20100110/bin/../lib/gcc/avr/4.3.3/avr51\libgcc.a(_clzsi2.o)
                0x00001bb2                __clzsi2
 .text          0x00001c50      0x1aa c:/winavr-20100110/bin/../lib/gcc/avr/4.3.3/avr51\libgcc.a(_pack_sf.o)
                0x00001c50                __pack_f
 .text          0x00001dfa       0xf0 c:/winavr-20100110/bin/../lib/gcc/avr/4.3.3/avr51\libgcc.a(_unpack_sf.o)
                0x00001dfa                __unpack_f
 .text          0x00001eea        0x0 c:/winavr-20100110/bin/../lib/gcc/avr/4.3.3/avr51\libgcc.a(_clz.o)
 .text          0x00001eea        0x0 c:/winavr-20100110/bin/../lib/gcc/avr/4.3.3/../../../../avr/lib/avr51\libc.a(ftoa_engine.o)
 .text          0x00001eea        0x0 c:/winavr-20100110/bin/../lib/gcc/avr/4.3.3/../../../../avr/lib/avr51\libc.a(strnlen_P.o)
 .text          0x00001eea        0x0 c:/winavr-20100110/bin/../lib/gcc/avr/4.3.3/../../../../avr/lib/avr51\libc.a(strnlen.o)
 .text          0x00001eea        0x0 c:/winavr-20100110/bin/../lib/gcc/avr/4.3.3/../../../../avr/lib/avr51\libc.a(fputc.o)
 .text          0x00001eea        0x0 c:/winavr-20100110/bin/../lib/gcc/avr/4.3.3/../../../../avr/lib/avr51\libc.a(iob.o)
 .text          0x00001eea        0x0 c:/winavr-20100110/bin/../lib/gcc/avr/4.3.3/../../../../avr/lib/avr51\libc.a(printf.o)
 .text          0x00001eea        0x0 c:/winavr-20100110/bin/../lib/gcc/avr/4.3.3/../../../../avr/lib/avr51\libc.a(ultoa_invert.o)
                0x00001eea                . = ALIGN (0x2)
 *(.text.*)
 .text.avr-libc
                0x00001eea      0x760 c:/winavr-20100110/bin/../lib/gcc/avr/4.3.3/../../../../avr/lib/avr51\libprintf_flt.a(vfprintf_flt.o)
                0x00001eea                vfprintf
 .text.libgcc   0x0000264a       0x28 c:/winavr-20100110/bin/../lib/gcc/avr/4.3.3/avr51\libgcc.a(_udivmodhi4.o)
                0x0000264a                __udivmodhi4
 .text.libgcc   0x00002672       0x26 c:/winavr-20100110/bin/../lib/gcc/avr/4.3.3/avr51\libgcc.a(_divmodhi4.o)
                0x00002672                __divmodhi4
                0x00002672                _div
 .text.libgcc   0x00002698       0x44 c:/winavr-20100110/bin/../lib/gcc/avr/4.3.3/avr51\libgcc.a(_udivmodsi4.o)
                0x00002698                __udivmodsi4
 .text.libgcc   0x000026dc        0x0 c:/winavr-20100110/bin/../lib/gcc/avr/4.3.3/avr51\libgcc.a(_exit.o)
 .text.libgcc   0x000026dc        0x0 c:/winavr-20100110/bin/../lib/gcc/avr/4.3.3/avr51\libgcc.a(_clear_bss.o)
 .text.libgcc   0x000026dc       0x38 c:/winavr-20100110/bin/../lib/gcc/avr/4.3.3/avr51\libgcc.a(_prologue.o)
                0x000026dc                __prologue_saves__
 .text.libgcc   0x00002714       0x36 c:/winavr-20100110/bin/../lib/gcc/avr/4.3.3/avr51\libgcc.a(_epilogue.o)
                0x00002714                __epilogue_restores__
 .text.avr-libc
                0x0000274a      0x1b0 c:/winavr-20100110/bin/../lib/gcc/avr/4.3.3/../../../../avr/lib/avr51\libc.a(ftoa_engine.o)
                0x0000274a                __ftoa_engine
 .text.avr-libc
                0x000028fa       0x16 c:/winavr-20100110/bin/../lib/gcc/avr/4.3.3/../../../../avr/lib/avr51\libc.a(strnlen_P.o)
                0x000028fa                strnlen_P
 .text.avr-libc
                0x00002910       0x16 c:/winavr-20100110/bin/../lib/gcc/avr/4.3.3/../../../../avr/lib/avr51\libc.a(strnlen.o)
                0x00002910                strnlen
 .text.avr-libc
                0x00002926       0x58 c:/winavr-20100110/bin/../lib/gcc/avr/4.3.3/../../../../avr/lib/avr51\libc.a(fputc.o)
                0x00002926                fputc
 .text.avr-libc
                0x0000297e       0x24 c:/winavr-20100110/bin/../lib/gcc/avr/4.3.3/../../../../avr/lib/avr51\libc.a(printf.o)
                0x0000297e                printf
 .text.avr-libc
                0x000029a2       0xbc c:/winavr-20100110/bin/../lib/gcc/avr/4.3.3/../../../../avr/lib/avr51\libc.a(ultoa_invert.o)
                0x000029a2                __ultoa_invert
                0x00002a5e                . = ALIGN (0x2)
 *(.fini9)
 .fini9         0x00002a5e        0x0 c:/winavr-20100110/bin/../lib/gcc/avr/4.3.3/avr51\libgcc.a(_exit.o)
                0x00002a5e                exit
                0x00002a5e                _exit
 *(.fini9)
 *(.fini8)
 *(.fini8)
 *(.fini7)
 *(.fini7)
 *(.fini6)
 *(.fini6)
 *(.fini5)
 *(.fini5)
 *(.fini4)
 *(.fini4)
 *(.fini3)
 *(.fini3)
 *(.fini2)
 *(.fini2)
 *(.fini1)
 *(.fini1)
 *(.fini0)
 .fini0         0x00002a5e        0x4 c:/winavr-20100110/bin/../lib/gcc/avr/4.3.3/avr51\libgcc.a(_exit.o)
 *(.fini0)
                0x00002a62                _etext = .

.data           0x00800100      0x150 load address 0x00002a62
                0x00800100                PROVIDE (__data_start, .)
 *(.data)
 .data          0x00800100        0x0 c:/winavr-20100110/bin/../lib/gcc/avr/4.3.3/../../../../avr/lib/avr51/crtm128.o
 .data          0x00800100        0x0 c:/winavr-20100110/bin/../lib/gcc/avr/4.3.3/../../../../avr/lib/avr51\libprintf_flt.a(vfprintf_flt.o)
 .data          0x00800100       0x48 LCD1.o
 .data          0x00800148        0x0 c:/winavr-20100110/bin/../lib/gcc/avr/4.3.3/avr51\libgcc.a(_udivmodhi4.o)
 .data          0x00800148        0x0 c:/winavr-20100110/bin/../lib/gcc/avr/4.3.3/avr51\libgcc.a(_divmodhi4.o)
 .data          0x00800148        0x0 c:/winavr-20100110/bin/../lib/gcc/avr/4.3.3/avr51\libgcc.a(_udivmodsi4.o)
 .data          0x00800148        0x0 c:/winavr-20100110/bin/../lib/gcc/avr/4.3.3/avr51\libgcc.a(_exit.o)
 .data          0x00800148        0x0 c:/winavr-20100110/bin/../lib/gcc/avr/4.3.3/avr51\libgcc.a(_clear_bss.o)
 .data          0x00800148        0x0 c:/winavr-20100110/bin/../lib/gcc/avr/4.3.3/avr51\libgcc.a(_addsub_sf.o)
 .data          0x00800148        0x0 c:/winavr-20100110/bin/../lib/gcc/avr/4.3.3/avr51\libgcc.a(_mul_sf.o)
 .data          0x00800148        0x0 c:/winavr-20100110/bin/../lib/gcc/avr/4.3.3/avr51\libgcc.a(_div_sf.o)
 .data          0x00800148        0x0 c:/winavr-20100110/bin/../lib/gcc/avr/4.3.3/avr51\libgcc.a(_si_to_sf.o)
 .data          0x00800148        0x0 c:/winavr-20100110/bin/../lib/gcc/avr/4.3.3/avr51\libgcc.a(_sf_to_si.o)
 .data          0x00800148        0x8 c:/winavr-20100110/bin/../lib/gcc/avr/4.3.3/avr51\libgcc.a(_thenan_sf.o)
                0x00800148                __thenan_sf
 .data          0x00800150        0x0 c:/winavr-20100110/bin/../lib/gcc/avr/4.3.3/avr51\libgcc.a(_prologue.o)
 .data          0x00800150        0x0 c:/winavr-20100110/bin/../lib/gcc/avr/4.3.3/avr51\libgcc.a(_epilogue.o)
 .data          0x00800150        0x0 c:/winavr-20100110/bin/../lib/gcc/avr/4.3.3/avr51\libgcc.a(_clzsi2.o)
 .data          0x00800150        0x0 c:/winavr-20100110/bin/../lib/gcc/avr/4.3.3/avr51\libgcc.a(_pack_sf.o)
 .data          0x00800150        0x0 c:/winavr-20100110/bin/../lib/gcc/avr/4.3.3/avr51\libgcc.a(_unpack_sf.o)
 .data          0x00800150      0x100 c:/winavr-20100110/bin/../lib/gcc/avr/4.3.3/avr51\libgcc.a(_clz.o)
                0x00800150                __clz_tab
 .data          0x00800250        0x0 c:/winavr-20100110/bin/../lib/gcc/avr/4.3.3/../../../../avr/lib/avr51\libc.a(ftoa_engine.o)
 .data          0x00800250        0x0 c:/winavr-20100110/bin/../lib/gcc/avr/4.3.3/../../../../avr/lib/avr51\libc.a(strnlen_P.o)
 .data          0x00800250        0x0 c:/winavr-20100110/bin/../lib/gcc/avr/4.3.3/../../../../avr/lib/avr51\libc.a(strnlen.o)
 .data          0x00800250        0x0 c:/winavr-20100110/bin/../lib/gcc/avr/4.3.3/../../../../avr/lib/avr51\libc.a(fputc.o)
 .data          0x00800250        0x0 c:/winavr-20100110/bin/../lib/gcc/avr/4.3.3/../../../../avr/lib/avr51\libc.a(iob.o)
 .data          0x00800250        0x0 c:/winavr-20100110/bin/../lib/gcc/avr/4.3.3/../../../../avr/lib/avr51\libc.a(printf.o)
 .data          0x00800250        0x0 c:/winavr-20100110/bin/../lib/gcc/avr/4.3.3/../../../../avr/lib/avr51\libc.a(ultoa_invert.o)
 *(.data*)
 *(.rodata)
 *(.rodata*)
 *(.gnu.linkonce.d*)
                0x00800250                . = ALIGN (0x2)
                0x00800250                _edata = .
                0x00800250                PROVIDE (__data_end, .)

.bss            0x00800250      0x430
                0x00800250                PROVIDE (__bss_start, .)
 *(.bss)
 .bss           0x00800250        0x0 c:/winavr-20100110/bin/../lib/gcc/avr/4.3.3/../../../../avr/lib/avr51/crtm128.o
 .bss           0x00800250        0x0 c:/winavr-20100110/bin/../lib/gcc/avr/4.3.3/../../../../avr/lib/avr51\libprintf_flt.a(vfprintf_flt.o)
 .bss           0x00800250        0x0 LCD1.o
 .bss           0x00800250        0x0 c:/winavr-20100110/bin/../lib/gcc/avr/4.3.3/avr51\libgcc.a(_udivmodhi4.o)
 .bss           0x00800250        0x0 c:/winavr-20100110/bin/../lib/gcc/avr/4.3.3/avr51\libgcc.a(_divmodhi4.o)
 .bss           0x00800250        0x0 c:/winavr-20100110/bin/../lib/gcc/avr/4.3.3/avr51\libgcc.a(_udivmodsi4.o)
 .bss           0x00800250        0x0 c:/winavr-20100110/bin/../lib/gcc/avr/4.3.3/avr51\libgcc.a(_exit.o)
 .bss           0x00800250        0x0 c:/winavr-20100110/bin/../lib/gcc/avr/4.3.3/avr51\libgcc.a(_clear_bss.o)
 .bss           0x00800250        0x0 c:/winavr-20100110/bin/../lib/gcc/avr/4.3.3/avr51\libgcc.a(_addsub_sf.o)
 .bss           0x00800250        0x0 c:/winavr-20100110/bin/../lib/gcc/avr/4.3.3/avr51\libgcc.a(_mul_sf.o)
 .bss           0x00800250        0x0 c:/winavr-20100110/bin/../lib/gcc/avr/4.3.3/avr51\libgcc.a(_div_sf.o)
 .bss           0x00800250        0x0 c:/winavr-20100110/bin/../lib/gcc/avr/4.3.3/avr51\libgcc.a(_si_to_sf.o)
 .bss           0x00800250        0x0 c:/winavr-20100110/bin/../lib/gcc/avr/4.3.3/avr51\libgcc.a(_sf_to_si.o)
 .bss           0x00800250        0x0 c:/winavr-20100110/bin/../lib/gcc/avr/4.3.3/avr51\libgcc.a(_thenan_sf.o)
 .bss           0x00800250        0x0 c:/winavr-20100110/bin/../lib/gcc/avr/4.3.3/avr51\libgcc.a(_prologue.o)
 .bss           0x00800250        0x0 c:/winavr-20100110/bin/../lib/gcc/avr/4.3.3/avr51\libgcc.a(_epilogue.o)
 .bss           0x00800250        0x0 c:/winavr-20100110/bin/../lib/gcc/avr/4.3.3/avr51\libgcc.a(_clzsi2.o)
 .bss           0x00800250        0x0 c:/winavr-20100110/bin/../lib/gcc/avr/4.3.3/avr51\libgcc.a(_pack_sf.o)
 .bss           0x00800250        0x0 c:/winavr-20100110/bin/../lib/gcc/avr/4.3.3/avr51\libgcc.a(_unpack_sf.o)
 .bss           0x00800250        0x0 c:/winavr-20100110/bin/../lib/gcc/avr/4.3.3/avr51\libgcc.a(_clz.o)
 .bss           0x00800250        0x0 c:/winavr-20100110/bin/../lib/gcc/avr/4.3.3/../../../../avr/lib/avr51\libc.a(ftoa_engine.o)
 .bss           0x00800250        0x0 c:/winavr-20100110/bin/../lib/gcc/avr/4.3.3/../../../../avr/lib/avr51\libc.a(strnlen_P.o)
 .bss           0x00800250        0x0 c:/winavr-20100110/bin/../lib/gcc/avr/4.3.3/../../../../avr/lib/avr51\libc.a(strnlen.o)
 .bss           0x00800250        0x0 c:/winavr-20100110/bin/../lib/gcc/avr/4.3.3/../../../../avr/lib/avr51\libc.a(fputc.o)
 .bss           0x00800250        0x0 c:/winavr-20100110/bin/../lib/gcc/avr/4.3.3/../../../../avr/lib/avr51\libc.a(iob.o)
 .bss           0x00800250        0x0 c:/winavr-20100110/bin/../lib/gcc/avr/4.3.3/../../../../avr/lib/avr51\libc.a(printf.o)
 .bss           0x00800250        0x0 c:/winavr-20100110/bin/../lib/gcc/avr/4.3.3/../../../../avr/lib/avr51\libc.a(ultoa_invert.o)
 *(.bss*)
 *(COMMON)
 COMMON         0x00800250      0x42a LCD1.o
                0x00800250                Comm2Buf
                0x0080045c                KeyBufOutIx
                0x0080045d                KeyScanState
                0x0080045e                KeyRptDlyCtr
                0x0080045f                KeyDownTmr
                0x00800461                KeyBuf
                0x0080046b                Comm1Buf
                0x00800677                KeyRptStartDlyCtr
                0x00800678                KeyNRead
                0x00800679                KeyBufInIx
 COMMON         0x0080067a        0x6 c:/winavr-20100110/bin/../lib/gcc/avr/4.3.3/../../../../avr/lib/avr51\libc.a(iob.o)
                0x0080067a                __iob
                0x00800680                PROVIDE (__bss_end, .)
                0x00002a62                __data_load_start = LOADADDR (.data)
                0x00002bb2                __data_load_end = (__data_load_start + SIZEOF (.data))

.noinit         0x00800680        0x0
                0x00800680                PROVIDE (__noinit_start, .)
 *(.noinit*)
                0x00800680                PROVIDE (__noinit_end, .)
                0x00800680                _end = .
                0x00800680                PROVIDE (__heap_start, .)

.eeprom         0x00810000        0x0
 *(.eeprom*)
                0x00810000                __eeprom_end = .

.fuse
 *(.fuse)
 *(.lfuse)
 *(.hfuse)
 *(.efuse)

.lock
 *(.lock*)

.signature
 *(.signature*)

.stab
 *(.stab)

.stabstr
 *(.stabstr)

.stab.excl
 *(.stab.excl)

.stab.exclstr
 *(.stab.exclstr)

.stab.index
 *(.stab.index)

.stab.indexstr
 *(.stab.indexstr)

.comment
 *(.comment)

.debug
 *(.debug)

.line
 *(.line)

.debug_srcinfo
 *(.debug_srcinfo)

.debug_sfnames
 *(.debug_sfnames)

.debug_aranges  0x00000000      0x120
 *(.debug_aranges)
 .debug_aranges
                0x00000000       0x20 LCD1.o
 .debug_aranges
                0x00000020       0x20 c:/winavr-20100110/bin/../lib/gcc/avr/4.3.3/avr51\libgcc.a(_addsub_sf.o)
 .debug_aranges
                0x00000040       0x20 c:/winavr-20100110/bin/../lib/gcc/avr/4.3.3/avr51\libgcc.a(_mul_sf.o)
 .debug_aranges
                0x00000060       0x20 c:/winavr-20100110/bin/../lib/gcc/avr/4.3.3/avr51\libgcc.a(_div_sf.o)
 .debug_aranges
                0x00000080       0x20 c:/winavr-20100110/bin/../lib/gcc/avr/4.3.3/avr51\libgcc.a(_si_to_sf.o)
 .debug_aranges
                0x000000a0       0x20 c:/winavr-20100110/bin/../lib/gcc/avr/4.3.3/avr51\libgcc.a(_sf_to_si.o)
 .debug_aranges
                0x000000c0       0x20 c:/winavr-20100110/bin/../lib/gcc/avr/4.3.3/avr51\libgcc.a(_clzsi2.o)
 .debug_aranges
                0x000000e0       0x20 c:/winavr-20100110/bin/../lib/gcc/avr/4.3.3/avr51\libgcc.a(_pack_sf.o)
 .debug_aranges
                0x00000100       0x20 c:/winavr-20100110/bin/../lib/gcc/avr/4.3.3/avr51\libgcc.a(_unpack_sf.o)

.debug_pubnames
                0x00000000      0x525
 *(.debug_pubnames)
 .debug_pubnames
                0x00000000      0x3d8 LCD1.o
 .debug_pubnames
                0x000003d8       0x2c c:/winavr-20100110/bin/../lib/gcc/avr/4.3.3/avr51\libgcc.a(_addsub_sf.o)
 .debug_pubnames
                0x00000404       0x1f c:/winavr-20100110/bin/../lib/gcc/avr/4.3.3/avr51\libgcc.a(_mul_sf.o)
 .debug_pubnames
                0x00000423       0x1f c:/winavr-20100110/bin/../lib/gcc/avr/4.3.3/avr51\libgcc.a(_div_sf.o)
 .debug_pubnames
                0x00000442       0x22 c:/winavr-20100110/bin/../lib/gcc/avr/4.3.3/avr51\libgcc.a(_si_to_sf.o)
 .debug_pubnames
                0x00000464       0x20 c:/winavr-20100110/bin/../lib/gcc/avr/4.3.3/avr51\libgcc.a(_sf_to_si.o)
 .debug_pubnames
                0x00000484       0x22 c:/winavr-20100110/bin/../lib/gcc/avr/4.3.3/avr51\libgcc.a(_thenan_sf.o)
 .debug_pubnames
                0x000004a6       0x1f c:/winavr-20100110/bin/../lib/gcc/avr/4.3.3/avr51\libgcc.a(_clzsi2.o)
 .debug_pubnames
                0x000004c5       0x1f c:/winavr-20100110/bin/../lib/gcc/avr/4.3.3/avr51\libgcc.a(_pack_sf.o)
 .debug_pubnames
                0x000004e4       0x21 c:/winavr-20100110/bin/../lib/gcc/avr/4.3.3/avr51\libgcc.a(_unpack_sf.o)
 .debug_pubnames
                0x00000505       0x20 c:/winavr-20100110/bin/../lib/gcc/avr/4.3.3/avr51\libgcc.a(_clz.o)

.debug_info     0x00000000     0x2de0
 *(.debug_info)
 .debug_info    0x00000000     0x1412 LCD1.o
 .debug_info    0x00001412      0x47a c:/winavr-20100110/bin/../lib/gcc/avr/4.3.3/avr51\libgcc.a(_addsub_sf.o)
 .debug_info    0x0000188c      0x485 c:/winavr-20100110/bin/../lib/gcc/avr/4.3.3/avr51\libgcc.a(_mul_sf.o)
 .debug_info    0x00001d11      0x3fc c:/winavr-20100110/bin/../lib/gcc/avr/4.3.3/avr51\libgcc.a(_div_sf.o)
 .debug_info    0x0000210d      0x207 c:/winavr-20100110/bin/../lib/gcc/avr/4.3.3/avr51\libgcc.a(_si_to_sf.o)
 .debug_info    0x00002314      0x2b0 c:/winavr-20100110/bin/../lib/gcc/avr/4.3.3/avr51\libgcc.a(_sf_to_si.o)
 .debug_info    0x000025c4      0x12c c:/winavr-20100110/bin/../lib/gcc/avr/4.3.3/avr51\libgcc.a(_thenan_sf.o)
 .debug_info    0x000026f0      0x117 c:/winavr-20100110/bin/../lib/gcc/avr/4.3.3/avr51\libgcc.a(_clzsi2.o)
 .debug_info    0x00002807      0x2df c:/winavr-20100110/bin/../lib/gcc/avr/4.3.3/avr51\libgcc.a(_pack_sf.o)
 .debug_info    0x00002ae6      0x251 c:/winavr-20100110/bin/../lib/gcc/avr/4.3.3/avr51\libgcc.a(_unpack_sf.o)
 .debug_info    0x00002d37       0xa9 c:/winavr-20100110/bin/../lib/gcc/avr/4.3.3/avr51\libgcc.a(_clz.o)
 *(.gnu.linkonce.wi.*)

.debug_abbrev   0x00000000     0x10ea
 *(.debug_abbrev)
 .debug_abbrev  0x00000000      0x319 LCD1.o
 .debug_abbrev  0x00000319      0x1ea c:/winavr-20100110/bin/../lib/gcc/avr/4.3.3/avr51\libgcc.a(_addsub_sf.o)
 .debug_abbrev  0x00000503      0x21b c:/winavr-20100110/bin/../lib/gcc/avr/4.3.3/avr51\libgcc.a(_mul_sf.o)
 .debug_abbrev  0x0000071e      0x216 c:/winavr-20100110/bin/../lib/gcc/avr/4.3.3/avr51\libgcc.a(_div_sf.o)
 .debug_abbrev  0x00000934      0x148 c:/winavr-20100110/bin/../lib/gcc/avr/4.3.3/avr51\libgcc.a(_si_to_sf.o)
 .debug_abbrev  0x00000a7c      0x17f c:/winavr-20100110/bin/../lib/gcc/avr/4.3.3/avr51\libgcc.a(_sf_to_si.o)
 .debug_abbrev  0x00000bfb       0xad c:/winavr-20100110/bin/../lib/gcc/avr/4.3.3/avr51\libgcc.a(_thenan_sf.o)
 .debug_abbrev  0x00000ca8       0xc4 c:/winavr-20100110/bin/../lib/gcc/avr/4.3.3/avr51\libgcc.a(_clzsi2.o)
 .debug_abbrev  0x00000d6c      0x1c0 c:/winavr-20100110/bin/../lib/gcc/avr/4.3.3/avr51\libgcc.a(_pack_sf.o)
 .debug_abbrev  0x00000f2c      0x154 c:/winavr-20100110/bin/../lib/gcc/avr/4.3.3/avr51\libgcc.a(_unpack_sf.o)
 .debug_abbrev  0x00001080       0x6a c:/winavr-20100110/bin/../lib/gcc/avr/4.3.3/avr51\libgcc.a(_clz.o)

.debug_line     0x00000000     0x2279
 *(.debug_line)
 .debug_line    0x00000000     0x14f8 LCD1.o
 .debug_line    0x000014f8      0x2af c:/winavr-20100110/bin/../lib/gcc/avr/4.3.3/avr51\libgcc.a(_addsub_sf.o)
 .debug_line    0x000017a7      0x239 c:/winavr-20100110/bin/../lib/gcc/avr/4.3.3/avr51\libgcc.a(_mul_sf.o)
 .debug_line    0x000019e0      0x1d5 c:/winavr-20100110/bin/../lib/gcc/avr/4.3.3/avr51\libgcc.a(_div_sf.o)
 .debug_line    0x00001bb5      0x135 c:/winavr-20100110/bin/../lib/gcc/avr/4.3.3/avr51\libgcc.a(_si_to_sf.o)
 .debug_line    0x00001cea      0x109 c:/winavr-20100110/bin/../lib/gcc/avr/4.3.3/avr51\libgcc.a(_sf_to_si.o)
 .debug_line    0x00001df3       0x90 c:/winavr-20100110/bin/../lib/gcc/avr/4.3.3/avr51\libgcc.a(_thenan_sf.o)
 .debug_line    0x00001e83       0xa5 c:/winavr-20100110/bin/../lib/gcc/avr/4.3.3/avr51\libgcc.a(_clzsi2.o)
 .debug_line    0x00001f28      0x18a c:/winavr-20100110/bin/../lib/gcc/avr/4.3.3/avr51\libgcc.a(_pack_sf.o)
 .debug_line    0x000020b2      0x14b c:/winavr-20100110/bin/../lib/gcc/avr/4.3.3/avr51\libgcc.a(_unpack_sf.o)
 .debug_line    0x000021fd       0x7c c:/winavr-20100110/bin/../lib/gcc/avr/4.3.3/avr51\libgcc.a(_clz.o)

.debug_frame    0x00000000      0x490
 *(.debug_frame)
 .debug_frame   0x00000000      0x370 LCD1.o
 .debug_frame   0x00000370       0x40 c:/winavr-20100110/bin/../lib/gcc/avr/4.3.3/avr51\libgcc.a(_addsub_sf.o)
 .debug_frame   0x000003b0       0x20 c:/winavr-20100110/bin/../lib/gcc/avr/4.3.3/avr51\libgcc.a(_mul_sf.o)
 .debug_frame   0x000003d0       0x20 c:/winavr-20100110/bin/../lib/gcc/avr/4.3.3/avr51\libgcc.a(_div_sf.o)
 .debug_frame   0x000003f0       0x20 c:/winavr-20100110/bin/../lib/gcc/avr/4.3.3/avr51\libgcc.a(_si_to_sf.o)
 .debug_frame   0x00000410       0x20 c:/winavr-20100110/bin/../lib/gcc/avr/4.3.3/avr51\libgcc.a(_sf_to_si.o)
 .debug_frame   0x00000430       0x20 c:/winavr-20100110/bin/../lib/gcc/avr/4.3.3/avr51\libgcc.a(_clzsi2.o)
 .debug_frame   0x00000450       0x20 c:/winavr-20100110/bin/../lib/gcc/avr/4.3.3/avr51\libgcc.a(_pack_sf.o)
 .debug_frame   0x00000470       0x20 c:/winavr-20100110/bin/../lib/gcc/avr/4.3.3/avr51\libgcc.a(_unpack_sf.o)

.debug_str      0x00000000      0x6f1
 *(.debug_str)
 .debug_str     0x00000000      0x471 LCD1.o
                                0x4ea (size before relaxing)
 .debug_str     0x00000471      0x185 c:/winavr-20100110/bin/../lib/gcc/avr/4.3.3/avr51\libgcc.a(_addsub_sf.o)
                                0x207 (size before relaxing)
 .debug_str     0x000005f6       0x27 c:/winavr-20100110/bin/../lib/gcc/avr/4.3.3/avr51\libgcc.a(_mul_sf.o)
                                0x1c0 (size before relaxing)
 .debug_str     0x0000061d       0x35 c:/winavr-20100110/bin/../lib/gcc/avr/4.3.3/avr51\libgcc.a(_div_sf.o)
                                0x1c9 (size before relaxing)
 .debug_str     0x00000652       0x1e c:/winavr-20100110/bin/../lib/gcc/avr/4.3.3/avr51\libgcc.a(_si_to_sf.o)
                                0x17c (size before relaxing)
 .debug_str     0x00000670        0xa c:/winavr-20100110/bin/../lib/gcc/avr/4.3.3/avr51\libgcc.a(_sf_to_si.o)
                                0x19f (size before relaxing)
 .debug_str     0x00000000      0x104 c:/winavr-20100110/bin/../lib/gcc/avr/4.3.3/avr51\libgcc.a(_thenan_sf.o)
 .debug_str     0x0000067a       0x5c c:/winavr-20100110/bin/../lib/gcc/avr/4.3.3/avr51\libgcc.a(_clzsi2.o)
                                0x112 (size before relaxing)
 .debug_str     0x000006d6       0x10 c:/winavr-20100110/bin/../lib/gcc/avr/4.3.3/avr51\libgcc.a(_pack_sf.o)
                                0x19e (size before relaxing)
 .debug_str     0x000006e6        0xb c:/winavr-20100110/bin/../lib/gcc/avr/4.3.3/avr51\libgcc.a(_unpack_sf.o)
                                0x180 (size before relaxing)
 .debug_str     0x00000000       0xf5 c:/winavr-20100110/bin/../lib/gcc/avr/4.3.3/avr51\libgcc.a(_clz.o)

.debug_loc      0x00000000     0x1650
 *(.debug_loc)
 .debug_loc     0x00000000      0xdba LCD1.o
 .debug_loc     0x00000dba      0x32a c:/winavr-20100110/bin/../lib/gcc/avr/4.3.3/avr51\libgcc.a(_addsub_sf.o)
 .debug_loc     0x000010e4      0x104 c:/winavr-20100110/bin/../lib/gcc/avr/4.3.3/avr51\libgcc.a(_mul_sf.o)
 .debug_loc     0x000011e8       0xc0 c:/winavr-20100110/bin/../lib/gcc/avr/4.3.3/avr51\libgcc.a(_div_sf.o)
 .debug_loc     0x000012a8       0xac c:/winavr-20100110/bin/../lib/gcc/avr/4.3.3/avr51\libgcc.a(_si_to_sf.o)
 .debug_loc     0x00001354       0x7e c:/winavr-20100110/bin/../lib/gcc/avr/4.3.3/avr51\libgcc.a(_sf_to_si.o)
 .debug_loc     0x000013d2       0x94 c:/winavr-20100110/bin/../lib/gcc/avr/4.3.3/avr51\libgcc.a(_clzsi2.o)
 .debug_loc     0x00001466      0x13e c:/winavr-20100110/bin/../lib/gcc/avr/4.3.3/avr51\libgcc.a(_pack_sf.o)
 .debug_loc     0x000015a4       0xac c:/winavr-20100110/bin/../lib/gcc/avr/4.3.3/avr51\libgcc.a(_unpack_sf.o)

.debug_macinfo
 *(.debug_macinfo)
OUTPUT(LCD1.elf elf32-avr)
LOAD linker stubs

.debug_ranges   0x00000000       0x50
 .debug_ranges  0x00000000       0x50 c:/winavr-20100110/bin/../lib/gcc/avr/4.3.3/avr51\libgcc.a(_mul_sf.o)
